
[DEVA] frontend start: host=127.0.0.1 port=5174 cwd=C:\Users\dmene\Projetos\innovai\git\swaif_LTV-mentor\frontend

  [32m[1mVITE[22m v5.4.21[39m  [2mready in [0m[1m417[22m[2m[0m ms[22m

  [32mÔ×£[39m  [1mLocal[22m:   [36mhttp://127.0.0.1:[1m5174[22m/[39m
[2m15:30:35[22m [36m[1m[vite][22m[39m [32mhmr update [39m[2m/src/features/admin/pages/AdminPage.tsx[22m
[2m15:30:35[22m [36m[1m[vite][22m[39m [32mhmr update [39m[2m/src/features/admin/admin.css[22m
[2m15:31:08[22m [36m[1m[vite][22m[39m [32mhmr update [39m[2m/src/features/admin/pages/AdminPage.tsx[22m
[2m15:57:17[22m [36m[1m[vite][22m[39m [32mhmr update [39m[2m/src/features/admin/admin.css[22m
[2m15:57:17[22m [36m[1m[vite][22m[39m [32mhmr update [39m[2m/src/features/admin/pages/AdminPage.tsx[22m
[2m18:00:50[22m [36m[1m[vite][22m[39m [32mhmr update [39m[2m/src/features/admin/pages/AdminPage.tsx[22m
[2m18:00:50[22m [36m[1m[vite][22m[39m [32mhmr update [39m[2m/src/features/admin/pages/AdminPage.tsx[22m
[2m18:00:50[22m [36m[1m[vite][22m[39m [32mhmr update [39m[2m/src/features/admin/pages/AdminPage.tsx[22m
[2m21:01:40[22m [36m[1m[vite][22m[39m [32mhmr update [39m[2m/src/features/admin/pages/AdminPage.tsx[22m
[2m21:01:51[22m [36m[1m[vite][22m[39m [32mhmr update [39m[2m/src/features/admin/pages/AdminPage.tsx[22m
[2m21:02:16[22m [36m[1m[vite][22m[39m [32mhmr update [39m[2m/src/features/admin/pages/AdminPage.tsx[22m
[2m21:02:26[22m [36m[1m[vite][22m[39m [32mhmr update [39m[2m/src/features/admin/pages/AdminPage.tsx[22m
[2m21:02:57[22m [36m[1m[vite][22m[39m [32mhmr update [39m[2m/src/features/admin/pages/AdminPage.tsx[22m
[2m21:03:13[22m [36m[1m[vite][22m[39m [32mhmr update [39m[2m/src/features/admin/pages/AdminPage.tsx[22m
[2m21:03:27[22m [36m[1m[vite][22m[39m [32mhmr update [39m[2m/src/features/admin/pages/AdminPage.tsx[22m
[2m21:04:15[22m [36m[1m[vite][22m[39m [32mhmr update [39m[2m/src/features/admin/pages/AdminPage.tsx[22m
[2m21:04:21[22m [36m[1m[vite][22m[39m [32mhmr update [39m[2m/src/features/admin/pages/AdminPage.tsx[22m
[2m21:05:25[22m [36m[1m[vite][22m[39m [32mhmr update [39m[2m/src/features/admin/pages/AdminPage.tsx[22m
[2m21:05:54[22m [36m[1m[vite][22m[39m [32mhmr update [39m[2m/src/features/admin/pages/AdminPage.tsx[22m
[2m21:06:38[22m [36m[1m[vite][22m[39m [32mhmr update [39m[2m/src/features/admin/pages/AdminPage.tsx[22m
[2m21:06:48[22m [36m[1m[vite][22m[39m [32mhmr update [39m[2m/src/features/admin/pages/AdminPage.tsx[22m
[2m21:07:07[22m [36m[1m[vite][22m[39m [32mhmr update [39m[2m/src/features/admin/admin.css[22m
[2m21:11:06[22m [36m[1m[vite][22m[39m [32mhmr update [39m[2m/src/features/admin/pages/AdminPage.tsx[22m
