2026-05-21 11:05:18,066 INFO swaif.runtime backend_runtime_configured app_env=local client_code=local cors_origins=http://127.0.0.1:5173,http://localhost:5173,http://127.0.0.1:5175,http://localhost:5175,http://127.0.0.1:5176,http://localhost:5176 cors_origin_regex=none mentor_routes=True mentor_route_policy=explicit-enable storage_root=C:\Users\dmene\Projetos\innovai\git\swaif_LTV-mentor\backend\data backup_dir=backups
INFO:     Started server process [1064]
INFO:     Waiting for application startup.
ERROR:    Traceback (most recent call last):
  File "C:\Users\dmene\Projetos\innovai\git\swaif_LTV-mentor\backend\.vendor\starlette\routing.py", line 694, in lifespan
    async with self.lifespan_context(app) as maybe_state:
               ~~~~~~~~~~~~~~~~~~~~~^^^^^
  File "C:\Python313\Lib\contextlib.py", line 214, in __aenter__
    return await anext(self.gen)
           ^^^^^^^^^^^^^^^^^^^^^
  File "C:\Users\dmene\Projetos\innovai\git\swaif_LTV-mentor\backend\.vendor\fastapi\routing.py", line 212, in merged_lifespan
    async with original_context(app) as maybe_original_state:
               ~~~~~~~~~~~~~~~~^^^^^
  File "C:\Python313\Lib\contextlib.py", line 214, in __aenter__
    return await anext(self.gen)
           ^^^^^^^^^^^^^^^^^^^^^
  File "C:\Users\dmene\Projetos\innovai\git\swaif_LTV-mentor\backend\.vendor\fastapi\routing.py", line 212, in merged_lifespan
    async with original_context(app) as maybe_original_state:
               ~~~~~~~~~~~~~~~~^^^^^
  File "C:\Python313\Lib\contextlib.py", line 214, in __aenter__
    return await anext(self.gen)
           ^^^^^^^^^^^^^^^^^^^^^
  File "C:\Users\dmene\Projetos\innovai\git\swaif_LTV-mentor\backend\.vendor\fastapi\routing.py", line 212, in merged_lifespan
    async with original_context(app) as maybe_original_state:
               ~~~~~~~~~~~~~~~~^^^^^
  File "C:\Python313\Lib\contextlib.py", line 214, in __aenter__
    return await anext(self.gen)
           ^^^^^^^^^^^^^^^^^^^^^
  File "C:\Users\dmene\Projetos\innovai\git\swaif_LTV-mentor\backend\.vendor\fastapi\routing.py", line 212, in merged_lifespan
    async with original_context(app) as maybe_original_state:
               ~~~~~~~~~~~~~~~~^^^^^
  File "C:\Python313\Lib\contextlib.py", line 214, in __aenter__
    return await anext(self.gen)
           ^^^^^^^^^^^^^^^^^^^^^
  File "C:\Users\dmene\Projetos\innovai\git\swaif_LTV-mentor\backend\.vendor\fastapi\routing.py", line 212, in merged_lifespan
    async with original_context(app) as maybe_original_state:
               ~~~~~~~~~~~~~~~~^^^^^
  File "C:\Python313\Lib\contextlib.py", line 214, in __aenter__
    return await anext(self.gen)
           ^^^^^^^^^^^^^^^^^^^^^
  File "C:\Users\dmene\Projetos\innovai\git\swaif_LTV-mentor\backend\.vendor\fastapi\routing.py", line 212, in merged_lifespan
    async with original_context(app) as maybe_original_state:
               ~~~~~~~~~~~~~~~~^^^^^
  File "C:\Python313\Lib\contextlib.py", line 214, in __aenter__
    return await anext(self.gen)
           ^^^^^^^^^^^^^^^^^^^^^
  File "C:\Users\dmene\Projetos\innovai\git\swaif_LTV-mentor\backend\.vendor\fastapi\routing.py", line 212, in merged_lifespan
    async with original_context(app) as maybe_original_state:
               ~~~~~~~~~~~~~~~~^^^^^
  File "C:\Python313\Lib\contextlib.py", line 214, in __aenter__
    return await anext(self.gen)
           ^^^^^^^^^^^^^^^^^^^^^
  File "C:\Users\dmene\Projetos\innovai\git\swaif_LTV-mentor\backend\.vendor\fastapi\routing.py", line 212, in merged_lifespan
    async with original_context(app) as maybe_original_state:
               ~~~~~~~~~~~~~~~~^^^^^
  File "C:\Python313\Lib\contextlib.py", line 214, in __aenter__
    return await anext(self.gen)
           ^^^^^^^^^^^^^^^^^^^^^
  File "C:\Users\dmene\Projetos\innovai\git\swaif_LTV-mentor\backend\.vendor\fastapi\routing.py", line 212, in merged_lifespan
    async with original_context(app) as maybe_original_state:
               ~~~~~~~~~~~~~~~~^^^^^
  File "C:\Python313\Lib\contextlib.py", line 214, in __aenter__
    return await anext(self.gen)
           ^^^^^^^^^^^^^^^^^^^^^
  File "C:\Users\dmene\Projetos\innovai\git\swaif_LTV-mentor\backend\.vendor\fastapi\routing.py", line 212, in merged_lifespan
    async with original_context(app) as maybe_original_state:
               ~~~~~~~~~~~~~~~~^^^^^
  File "C:\Python313\Lib\contextlib.py", line 214, in __aenter__
    return await anext(self.gen)
           ^^^^^^^^^^^^^^^^^^^^^
  File "C:\Users\dmene\Projetos\innovai\git\swaif_LTV-mentor\backend\.vendor\fastapi\routing.py", line 212, in merged_lifespan
    async with original_context(app) as maybe_original_state:
               ~~~~~~~~~~~~~~~~^^^^^
  File "C:\Python313\Lib\contextlib.py", line 214, in __aenter__
    return await anext(self.gen)
           ^^^^^^^^^^^^^^^^^^^^^
  File "C:\Users\dmene\Projetos\innovai\git\swaif_LTV-mentor\backend\.vendor\fastapi\routing.py", line 212, in merged_lifespan
    async with original_context(app) as maybe_original_state:
               ~~~~~~~~~~~~~~~~^^^^^
  File "C:\Users\dmene\Projetos\innovai\git\swaif_LTV-mentor\backend\.vendor\fastapi\routing.py", line 237, in __aenter__
    await self._router._startup()
  File "C:\Users\dmene\Projetos\innovai\git\swaif_LTV-mentor\backend\.vendor\fastapi\routing.py", line 4882, in _startup
    handler()
    ~~~~~~~^^
  File "C:\Users\dmene\Projetos\innovai\git\swaif_LTV-mentor\backend\app\main.py", line 139, in bootstrap_user_storage
    sync_result = sync_runtime_stores_from_supabase(
        SupabaseSyncConfig(
    ...<4 lines>...
        )
    )
  File "C:\Users\dmene\Projetos\innovai\git\swaif_LTV-mentor\backend\app\operations\sync_runtime_stores_from_supabase.py", line 465, in sync_runtime_stores_from_supabase
    source_rows = _fetch_source_rows(config.database_url)
  File "C:\Users\dmene\Projetos\innovai\git\swaif_LTV-mentor\backend\app\operations\sync_runtime_stores_from_supabase.py", line 102, in _fetch_source_rows
    with psycopg.connect(database_url) as conn:
         ~~~~~~~~~~~~~~~^^^^^^^^^^^^^^
  File "C:\Users\dmene\Projetos\innovai\git\swaif_LTV-mentor\backend\.vendor\psycopg\connection.py", line 122, in connect
    raise last_ex.with_traceback(None)
psycopg.OperationalError: connection failed: connection to server at "2600:1f18:38df:9500:f47f:99c0:93bc:63e0", port 5432 failed: FATAL:  password authentication failed for user "postgres"

ERROR:    Application startup failed. Exiting.
